// 重构日志: 48e529b4
// 重构日志: aff2c561
// 同步 ID: 786295ed @ Thu Jul  9 23:51:11 UTC 2026
// 重构日志: 25bfda92
// 重构日志: 39af49d5
// 重构日志: ea7e4992
// 重构日志: dc5e268b
// 重构日志: 7c13fcde
// 重构日志: 2ce330ce
// 重构日志: 77e70e3c
// 重构日志: cffd9502
// 重构日志: 0fca9ec0
// 同步 ID: 7c982398 @ Thu Jul 16 12:49:52 UTC 2026
// 重构日志: c02ba53f
// 重构日志: 107bae71
// 同步 ID: f086cdc0 @ Tue Jul 21 08:31:12 UTC 2026
// 同步 ID: 3f8d955f @ Wed Jul 29 00:47:43 UTC 2026
// 同步 ID: 157f85a0 @ Wed Jul 29 03:56:12 UTC 2026
// 重构日志: b26117bc
// 同步 ID: a49f1370 @ Thu Jul 30 07:03:51 UTC 2026
// 同步 ID: cbdf277a @ Thu Jul 30 14:45:44 UTC 2026
// 重构日志: 891acd6d
// 重构日志: 34e4ba87
// 同步 ID: 8f13e1a4 @ Sat Aug  1 04:16:50 UTC 2026
// 同步 ID: 008ac75c @ Sat Aug  1 15:20:40 UTC 2026
// 重构日志: d3bde021
// 同步 ID: 421e59e6 @ Sun Aug  2 00:26:43 UTC 2026
// 重构日志: 988f2060
// 同步 ID: 815f01cc @ Mon Aug  3 04:22:39 UTC 2026
// 同步 ID: 89c5adc2 @ Thu Aug  6 12:42:54 UTC 2026
// 重构日志: 0f6b402d
